Left
    ( Left
        ( Field
            { fieldAlias = Nothing
            , fieldName = "human"
            , fieldArguments = fromList
                [
                    ( "id"
                    , VString "1000"
                    )
                ]
            , fieldDirectives = []
            , fieldSelectionSet = Just
                ( Left
                    ( Left
                        ( Field
                            { fieldAlias = Nothing
                            , fieldName = "name"
                            , fieldArguments = fromList []
                            , fieldDirectives = []
                            , fieldSelectionSet = Nothing
                            }
                        )
                    ) :|
                    [ Left
                        ( Left
                            ( Field
                                { fieldAlias = Nothing
                                , fieldName = "height"
                                , fieldArguments = fromList []
                                , fieldDirectives = []
                                , fieldSelectionSet = Nothing
                                }
                            )
                        )
                    ]
                )
            }
        )
    ) :| []