[ SelField
    ( Field
        { fieldAlias = Nothing
        , fieldName = "hero"
        , fieldDirectives = []
        , fieldArguments = fromList []
        , fieldSelectionSet =
            [ SelField
                ( Field
                    { fieldAlias = Nothing
                    , fieldName = "name"
                    , fieldDirectives = []
                    , fieldArguments = fromList []
                    , fieldSelectionSet = []
                    }
                )
            , SelField
                ( Field
                    { fieldAlias = Nothing
                    , fieldName = "friends"
                    , fieldDirectives = []
                    , fieldArguments = fromList []
                    , fieldSelectionSet =
                        [ SelField
                            ( Field
                                { fieldAlias = Nothing
                                , fieldName = "name"
                                , fieldDirectives = []
                                , fieldArguments = fromList []
                                , fieldSelectionSet = []
                                }
                            )
                        ]
                    }
                )
            ]
        }
    )
]