Left
    ( Left
        ( Field
            { fieldAlias = Nothing
            , fieldName = "me"
            , fieldArguments = fromList []
            , fieldDirectives = []
            , fieldSelectionSet = Just
                ( Left
                    ( Left
                        ( Field
                            { fieldAlias = Nothing
                            , fieldName = "name"
                            , fieldArguments = fromList []
                            , fieldDirectives = []
                            , fieldSelectionSet = Nothing
                            }
                        )
                    ) :| []
                )
            }
        )
    ) :| []