Left
    ( Left
        ( Field
            { fieldAlias = Just "leftComparison"
            , fieldName = "hero"
            , fieldArguments = fromList
                [
                    ( "episode"
                    , VString "EMPIRE"
                    )
                ]
            , fieldDirectives = []
            , fieldSelectionSet = Just
                ( Left
                    ( Right
                        ( FragmentSpread
                            { fsName = "comparisonFields"
                            , fsDirectives = []
                            }
                        )
                    ) :| []
                )
            }
        )
    ) :|
    [ Left
        ( Left
            ( Field
                { fieldAlias = Just "rightComparison"
                , fieldName = "hero"
                , fieldArguments = fromList
                    [
                        ( "episode"
                        , VString "JEDI"
                        )
                    ]
                , fieldDirectives = []
                , fieldSelectionSet = Just
                    ( Left
                        ( Right
                            ( FragmentSpread
                                { fsName = "comparisonFields"
                                , fsDirectives = []
                                }
                            )
                        ) :| []
                    )
                }
            )
        )
    ]