[ ExecDef
    ( OpDef
        ( OperationDefinition
            { opType = Query
            , opName = Just "inlineFragmentTyping"
            , opVariables = Nothing
            , opDirectives = []
            , opSelectionSet = Left
                ( Left
                    ( Field
                        { fieldAlias = Nothing
                        , fieldName = "profiles"
                        , fieldArguments = fromList
                            [
                                ( "handles"
                                , VList
                                    [ VString "zuck"
                                    , VString "coca-cola"
                                    ]
                                )
                            ]
                        , fieldDirectives = []
                        , fieldSelectionSet = Just
                            ( Left
                                ( Left
                                    ( Field
                                        { fieldAlias = Nothing
                                        , fieldName = "handle"
                                        , fieldArguments = fromList []
                                        , fieldDirectives = []
                                        , fieldSelectionSet = Nothing
                                        }
                                    )
                                ) :|
                                [ Right
                                    ( InlineFragment
                                        { ifTypeCondition = Just
                                            ( TypeCondition
                                                { unTypeCondition = "User" }
                                            )
                                        , ifDirectives = []
                                        , ifSelectionSet = Left
                                            ( Left
                                                ( Field
                                                    { fieldAlias = Nothing
                                                    , fieldName = "friends"
                                                    , fieldArguments = fromList []
                                                    , fieldDirectives = []
                                                    , fieldSelectionSet = Just
                                                        ( Left
                                                            ( Left
                                                                ( Field
                                                                    { fieldAlias = Nothing
                                                                    , fieldName = "count"
                                                                    , fieldArguments = fromList []
                                                                    , fieldDirectives = []
                                                                    , fieldSelectionSet = Nothing
                                                                    }
                                                                )
                                                            ) :| []
                                                        )
                                                    }
                                                )
                                            ) :| []
                                        }
                                    )
                                , Right
                                    ( InlineFragment
                                        { ifTypeCondition = Just
                                            ( TypeCondition
                                                { unTypeCondition = "Page" }
                                            )
                                        , ifDirectives = []
                                        , ifSelectionSet = Left
                                            ( Left
                                                ( Field
                                                    { fieldAlias = Nothing
                                                    , fieldName = "likers"
                                                    , fieldArguments = fromList []
                                                    , fieldDirectives = []
                                                    , fieldSelectionSet = Just
                                                        ( Left
                                                            ( Left
                                                                ( Field
                                                                    { fieldAlias = Nothing
                                                                    , fieldName = "count"
                                                                    , fieldArguments = fromList []
                                                                    , fieldDirectives = []
                                                                    , fieldSelectionSet = Nothing
                                                                    }
                                                                )
                                                            ) :| []
                                                        )
                                                    }
                                                )
                                            ) :| []
                                        }
                                    )
                                ]
                            )
                        }
                    )
                ) :| []
            }
        )
    )
]