[ ExecDef
    ( OpDef
        ( OperationDefinition
            { opType = Query
            , opName = Nothing
            , opVariables = Nothing
            , opDirectives = []
            , opSelectionSet = Left
                ( Left
                    ( Field
                        { fieldAlias = Nothing
                        , fieldName = "entity"
                        , fieldArguments = fromList []
                        , fieldDirectives = []
                        , fieldSelectionSet = Just
                            ( Left
                                ( Left
                                    ( Field
                                        { fieldAlias = Nothing
                                        , fieldName = "name"
                                        , fieldArguments = fromList []
                                        , fieldDirectives = []
                                        , fieldSelectionSet = Nothing
                                        }
                                    )
                                ) :| []
                            )
                        }
                    )
                ) :|
                [ Left
                    ( Left
                        ( Field
                            { fieldAlias = Nothing
                            , fieldName = "phoneNumber"
                            , fieldArguments = fromList []
                            , fieldDirectives = []
                            , fieldSelectionSet = Nothing
                            }
                        )
                    )
                ]
            }
        )
    )
]