[ Right
    ( Left
        ( Right
            ( DirectiveDefinition
                { dirDefDescription = Nothing
                , dirDefName = "@example"
                , dirDefArguments = []
                , dirDefLocations =
                    [ Left EDLFIELD
                    , Left EDLFRAGMENT_SPREAD
                    , Left EDLINLINE_FRAGMENT
                    ]
                }
            )
        )
    )
]