[ Right
    ( Left
        ( Right
            ( DirectiveDefinition
                { dirDefDescription = Nothing
                , dirDefName = "@example"
                , dirDefArguments = []
                , dirDefLocations =
                    [ Right TSDLFIELD_DEFINITION
                    , Right TSDLARGUMENT_DEFINITION
                    ]
                }
            )
        )
    )
, Right
    ( Left
        ( Left
            ( Right
                ( Left
                    ( Left
                        ( Left
                            ( Left
                                ( Right
                                    ( ObjectTypeDefinition
                                        { objectDescription = Nothing
                                        , objectName = "SomeType"
                                        , objectInterfaces = []
                                        , objectDirectives = []
                                        , objectFields =
                                            [ FieldDefinition
                                                { fieldDefDescription = Nothing
                                                , fieldDefName = "field"
                                                , fieldDefArgumentsDef =
                                                    [ InputValueDefinition
                                                        { inputValueDescription = Nothing
                                                        , inputValueName = "arg"
                                                        , inputValueType = NamedType "Int"
                                                        , inputValueDefault = Nothing
                                                        , inputValueDirectives =
                                                            [ Directive
                                                                { dName = "@example"
                                                                , dArguments = Nothing
                                                                }
                                                            ]
                                                        }
                                                    ]
                                                , fieldDefType = NamedType "String"
                                                , fieldDefDirectives =
                                                    [ Directive
                                                        { dName = "@example"
                                                        , dArguments = Nothing
                                                        }
                                                    ]
                                                }
                                            ]
                                        }
                                    )
                                )
                            )
                        )
                    )
                )
            )
        )
    )
]