[ Right
    ( Left
        ( Left
            ( Right
                ( Left
                    ( Left
                        ( Left
                            ( Left
                                ( Right
                                    ( ObjectTypeDefinition
                                        { objectDescription = Nothing
                                        , objectName = "ExampleType"
                                        , objectInterfaces = []
                                        , objectDirectives = []
                                        , objectFields =
                                            [ FieldDefinition
                                                { fieldDefDescription = Nothing
                                                , fieldDefName = "newField"
                                                , fieldDefArgumentsDef = []
                                                , fieldDefType = NamedType "String"
                                                , fieldDefDirectives = []
                                                }
                                            , FieldDefinition
                                                { fieldDefDescription = Nothing
                                                , fieldDefName = "oldField"
                                                , fieldDefArgumentsDef = []
                                                , fieldDefType = NamedType "String"
                                                , fieldDefDirectives =
                                                    [ Directive
                                                        { name = "@deprecated"
                                                        , arguments = fromList
                                                            [
                                                                ( "reason"
                                                                , VString "Use `newField`."
                                                                )
                                                            ]
                                                        }
                                                    ]
                                                }
                                            ]
                                        }
                                    )
                                )
                            )
                        )
                    )
                )
            )
        )
    )
]