[ Right
    ( Left
        ( Left
            ( Right
                ( Left
                    ( Left
                        ( Left
                            ( Left
                                ( Left
                                    ( ScalarTypeDefinition
                                        { scalarDescription = Nothing
                                        , scalarName = "UUID"
                                        , scalarDirectives =
                                            [ Directive
                                                { name = "@specifiedBy"
                                                , arguments = fromList
                                                    [
                                                        ( "url"
                                                        , VString "https://tools.ietf.org/html/rfc4122"
                                                        )
                                                    ]
                                                }
                                            ]
                                        }
                                    )
                                )
                            )
                        )
                    )
                )
            )
        )
    )
]