
type
ExampleType


{ newField  : String 

 oldField  : String @deprecated(reason: "Use `newField`.")}
