scalar UUID @specifiedBy(url: "https://tools.ietf.org/html/rfc4122")
