[ Left
    ( Left
        ( OperationDefinition
            { opType = Query
            , opName = Just "withNestedFragments"
            , opVariables = []
            , opDirectives = []
            , opSelectionSet = Left
                ( Left
                    ( Field
                        { fieldAlias = Nothing
                        , fieldName = "user"
                        , fieldArguments = fromList
                            [
                                ( "id"
                                , VInt 4
                                )
                            ]
                        , fieldDirectives = []
                        , fieldSelectionSet = Just
                            ( Left
                                ( Left
                                    ( Field
                                        { fieldAlias = Nothing
                                        , fieldName = "friends"
                                        , fieldArguments = fromList
                                            [
                                                ( "first"
                                                , VInt 10
                                                )
                                            ]
                                        , fieldDirectives = []
                                        , fieldSelectionSet = Just
                                            ( Left
                                                ( Right
                                                    ( FragmentSpread
                                                        { fsName = "friendFields"
                                                        , fsDirectives = []
                                                        }
                                                    )
                                                ) :| []
                                            )
                                        }
                                    )
                                ) :|
                                [ Left
                                    ( Left
                                        ( Field
                                            { fieldAlias = Nothing
                                            , fieldName = "mutualFriends"
                                            , fieldArguments = fromList
                                                [
                                                    ( "first"
                                                    , VInt 10
                                                    )
                                                ]
                                            , fieldDirectives = []
                                            , fieldSelectionSet = Just
                                                ( Left
                                                    ( Right
                                                        ( FragmentSpread
                                                            { fsName = "friendFields"
                                                            , fsDirectives = []
                                                            }
                                                        )
                                                    ) :| []
                                                )
                                            }
                                        )
                                    )
                                ]
                            )
                        }
                    )
                ) :| []
            }
        )
    )
, Left
    ( Right
        ( FragmentDefinition
            { fragName = "friendFields"
            , fragTypeCondition = TypeCondition
                { unTypeCondition = "User" }
            , fragDirectives = []
            , fragSelectionSet = Left
                ( Left
                    ( Field
                        { fieldAlias = Nothing
                        , fieldName = "id"
                        , fieldArguments = fromList []
                        , fieldDirectives = []
                        , fieldSelectionSet = Nothing
                        }
                    )
                ) :|
                [ Left
                    ( Left
                        ( Field
                            { fieldAlias = Nothing
                            , fieldName = "name"
                            , fieldArguments = fromList []
                            , fieldDirectives = []
                            , fieldSelectionSet = Nothing
                            }
                        )
                    )
                , Left
                    ( Right
                        ( FragmentSpread
                            { fsName = "standardProfilePic"
                            , fsDirectives = []
                            }
                        )
                    )
                ]
            }
        )
    )
, Left
    ( Right
        ( FragmentDefinition
            { fragName = "standardProfilePic"
            , fragTypeCondition = TypeCondition
                { unTypeCondition = "User" }
            , fragDirectives = []
            , fragSelectionSet = Left
                ( Left
                    ( Field
                        { fieldAlias = Nothing
                        , fieldName = "profilePic"
                        , fieldArguments = fromList
                            [
                                ( "size"
                                , VInt 50
                                )
                            ]
                        , fieldDirectives = []
                        , fieldSelectionSet = Nothing
                        }
                    )
                ) :| []
            }
        )
    )
]