[ Right
    ( Left
        ( Left
            ( Right
                ( Left
                    ( Left
                        ( Left
                            ( Left
                                ( Right
                                    ( ObjectTypeDefinition
                                        { objectDescription = Nothing
                                        , objectName = "Query"
                                        , objectInterfaces = []
                                        , objectDirectives = []
                                        , objectFields =
                                            [ FieldDefinition
                                                { fieldDefDescription = Nothing
                                                , fieldDefName = "myName"
                                                , fieldDefArgumentsDef = []
                                                , fieldDefType = NamedType "String"
                                                , fieldDefDirectives = []
                                                }
                                            ]
                                        }
                                    )
                                )
                            )
                        )
                    )
                )
            )
        )
    )
]