[ Left
    ( Left
        ( OperationDefinition
            { opType = Query
            , opName = Nothing
            , opVariables = []
            , opDirectives = []
            , opSelectionSet = Left
                ( Left
                    ( Field
                        { fieldAlias = Nothing
                        , fieldName = "name"
                        , fieldArguments = fromList []
                        , fieldDirectives = []
                        , fieldSelectionSet = Nothing
                        }
                    )
                ) :|
                [ Left
                    ( Left
                        ( Field
                            { fieldAlias = Nothing
                            , fieldName = "picture"
                            , fieldArguments = fromList
                                [
                                    ( "size"
                                    , VInt 600
                                    )
                                ]
                            , fieldDirectives = []
                            , fieldSelectionSet = Nothing
                            }
                        )
                    )
                ]
            }
        )
    )
]