[ Left
    ( Left
        ( OperationDefinition
            { opType = Query
            , opName = Nothing
            , opVariables = []
            , opDirectives = []
            , opSelectionSet = Left
                ( Left
                    ( Field
                        { fieldAlias = Nothing
                        , fieldName = "id"
                        , fieldArguments = fromList []
                        , fieldDirectives = []
                        , fieldSelectionSet = Nothing
                        }
                    )
                ) :|
                [ Left
                    ( Left
                        ( Field
                            { fieldAlias = Nothing
                            , fieldName = "firstName"
                            , fieldArguments = fromList []
                            , fieldDirectives = []
                            , fieldSelectionSet = Nothing
                            }
                        )
                    )
                , Left
                    ( Left
                        ( Field
                            { fieldAlias = Nothing
                            , fieldName = "lastName"
                            , fieldArguments = fromList []
                            , fieldDirectives = []
                            , fieldSelectionSet = Nothing
                            }
                        )
                    )
                ]
            }
        )
    )
]