[ TypeSysDef
    ( TypeDef
        ( IOTDef
            ( InputObjectTypeDefinition
                { inputDescription = Nothing
                , inputName = "ExampleInputObject"
                , inputDirectives = []
                , inputValues =
                    [ InputValueDefinition
                        { inputValueDescription = Nothing
                        , inputValueName = "a"
                        , inputValueType = NamedType "String"
                        , inputValueDefault = Nothing
                        , inputValueDirectives = []
                        }
                    , InputValueDefinition
                        { inputValueDescription = Nothing
                        , inputValueName = "b"
                        , inputValueType = NonNullType
                            ( NamedType "Int" )
                        , inputValueDefault = Nothing
                        , inputValueDirectives = []
                        }
                    ]
                }
            )
        )
    )
]