[ DefinitionExecutable
    ( ExecutableDefinitionOperation
        ( OperationDefinition
            { _odType = OperationTypeQuery
            , _odName = Just "withFragments"
            , _odVariables = Nothing
            , _odDirectives = Nothing
            , _odSelectionSet = SelectionField
                ( Field
                    { _fAlias = Nothing
                    , _fName = "user"
                    , _fArguments = fromList
                        [
                            ( "id"
                            , VInt 4
                            )
                        ]
                    , _fDirectives = Nothing
                    , _fSelectionSet = Just
                        ( SelectionField
                            ( Field
                                { _fAlias = Nothing
                                , _fName = "friends"
                                , _fArguments = fromList
                                    [
                                        ( "first"
                                        , VInt 10
                                        )
                                    ]
                                , _fDirectives = Nothing
                                , _fSelectionSet = Just
                                    ( SelectionFragmentSpread
                                        ( FragmentSpread
                                            { _fsName = "friendFields"
                                            , _fsDirectives = Nothing
                                            }
                                        ) :| []
                                    )
                                }
                            ) :|
                            [ SelectionField
                                ( Field
                                    { _fAlias = Nothing
                                    , _fName = "mutualFriends"
                                    , _fArguments = fromList
                                        [
                                            ( "first"
                                            , VInt 10
                                            )
                                        ]
                                    , _fDirectives = Nothing
                                    , _fSelectionSet = Just
                                        ( SelectionFragmentSpread
                                            ( FragmentSpread
                                                { _fsName = "friendFields"
                                                , _fsDirectives = Nothing
                                                }
                                            ) :| []
                                        )
                                    }
                                )
                            ]
                        )
                    }
                ) :| []
            }
        )
    )
, DefinitionExecutable
    ( ExecutableDefinitionFragment
        ( FragmentDefinition
            { _fdName = "friendFields"
            , _fdTypeCondition = TypeCondition
                { unTypeCondition = "User" }
            , _fdDirectives = Nothing
            , _fdSelectionSet = SelectionField
                ( Field
                    { _fAlias = Nothing
                    , _fName = "id"
                    , _fArguments = fromList []
                    , _fDirectives = Nothing
                    , _fSelectionSet = Nothing
                    }
                ) :|
                [ SelectionField
                    ( Field
                        { _fAlias = Nothing
                        , _fName = "name"
                        , _fArguments = fromList []
                        , _fDirectives = Nothing
                        , _fSelectionSet = Nothing
                        }
                    )
                , SelectionField
                    ( Field
                        { _fAlias = Nothing
                        , _fName = "profilePic"
                        , _fArguments = fromList
                            [
                                ( "size"
                                , VInt 50
                                )
                            ]
                        , _fDirectives = Nothing
                        , _fSelectionSet = Nothing
                        }
                    )
                ]
            }
        )
    )
]