[ DefinitionExecutable
    ( ExecutableDefinitionOperation
        ( OperationDefinition
            { _odType = OperationTypeQuery
            , _odName = Nothing
            , _odVariables = Nothing
            , _odDirectives = Nothing
            , _odSelectionSet = SelectionField
                ( Field
                    { _fAlias = Nothing
                    , _fName = "myName"
                    , _fArguments = fromList []
                    , _fDirectives = Nothing
                    , _fSelectionSet = Nothing
                    }
                ) :| []
            }
        )
    )
]