[ DefinitionExecutable
    ( ExecutableDefinitionOperation
        ( OperationDefinitionUnTyped
            ( Span
                { _start = AlexSourcePos
                    { _line = 0
                    , _col = 1
                    }
                , _end = AlexSourcePos
                    { _line = 4
                    , _col = 2
                    }
                }
            )
            ( SelectionField
                ( Field
                    { _fSpan = Span
                        { _start = AlexSourcePos
                            { _line = 1
                            , _col = 3
                            }
                        , _end = AlexSourcePos
                            { _line = 1
                            , _col = 7
                            }
                        }
                    , _fAlias = Nothing
                    , _fName = "name"
                    , _fArguments = Nothing
                    , _fDirectives = Nothing
                    , _fSelectionSet = Nothing
                    }
                ) :|
                [ SelectionField
                    ( Field
                        { _fSpan = Span
                            { _start = AlexSourcePos
                                { _line = 2
                                , _col = 3
                                }
                            , _end = AlexSourcePos
                                { _line = 2
                                , _col = 6
                                }
                            }
                        , _fAlias = Nothing
                        , _fName = "age"
                        , _fArguments = Nothing
                        , _fDirectives = Nothing
                        , _fSelectionSet = Nothing
                        }
                    )
                , SelectionField
                    ( Field
                        { _fSpan = Span
                            { _start = AlexSourcePos
                                { _line = 3
                                , _col = 3
                                }
                            , _end = AlexSourcePos
                                { _line = 3
                                , _col = 10
                                }
                            }
                        , _fAlias = Nothing
                        , _fName = "picture"
                        , _fArguments = Nothing
                        , _fDirectives = Nothing
                        , _fSelectionSet = Nothing
                        }
                    )
                ]
            )
        )
    )
]