[ DefinitionTypeSystem
    ( TyDefinition
        ( TypeSystemDefinitionType
            ( OTDef
                ( ObjectTypeDefinition
                    { _otdSpan = Span
                        { _start = AlexSourcePos
                            { _line = 0
                            , _col = 1
                            }
                        , _end = AlexSourcePos
                            { _line = 5
                            , _col = 2
                            }
                        }
                    , _otdDescription = Nothing
                    , _otdName = "Person"
                    , _otdImplementsInterfaces = Nothing
                    , _otdDirectives = Nothing
                    , _otdFieldsDefinition = Just
                        ( FieldsDefinition
                            { _fdSpan = Span
                                { _start = AlexSourcePos
                                    { _line = 0
                                    , _col = 13
                                    }
                                , _end = AlexSourcePos
                                    { _line = 5
                                    , _col = 2
                                    }
                                }
                            , _fdDefinitions = FieldDefinition
                                { _fldSpan = Span
                                    { _start = AlexSourcePos
                                        { _line = 1
                                        , _col = 3
                                        }
                                    , _end = AlexSourcePos
                                        { _line = 1
                                        , _col = 15
                                        }
                                    }
                                , _fldDescription = Nothing
                                , _fldName = "name"
                                , _fldArgumentsDefinition = Nothing
                                , _fldType = NamedType
                                    ( Span
                                        { _start = AlexSourcePos
                                            { _line = 1
                                            , _col = 9
                                            }
                                        , _end = AlexSourcePos
                                            { _line = 1
                                            , _col = 15
                                            }
                                        }
                                    ) "String"
                                , _fldDirectives = Nothing
                                } :|
                                [ FieldDefinition
                                    { _fldSpan = Span
                                        { _start = AlexSourcePos
                                            { _line = 2
                                            , _col = 3
                                            }
                                        , _end = AlexSourcePos
                                            { _line = 2
                                            , _col = 11
                                            }
                                        }
                                    , _fldDescription = Nothing
                                    , _fldName = "age"
                                    , _fldArgumentsDefinition = Nothing
                                    , _fldType = NamedType
                                        ( Span
                                            { _start = AlexSourcePos
                                                { _line = 2
                                                , _col = 8
                                                }
                                            , _end = AlexSourcePos
                                                { _line = 2
                                                , _col = 11
                                                }
                                            }
                                        ) "Int"
                                    , _fldDirectives = Nothing
                                    }
                                , FieldDefinition
                                    { _fldSpan = Span
                                        { _start = AlexSourcePos
                                            { _line = 3
                                            , _col = 3
                                            }
                                        , _end = AlexSourcePos
                                            { _line = 3
                                            , _col = 15
                                            }
                                        }
                                    , _fldDescription = Nothing
                                    , _fldName = "picture"
                                    , _fldArgumentsDefinition = Nothing
                                    , _fldType = NamedType
                                        ( Span
                                            { _start = AlexSourcePos
                                                { _line = 3
                                                , _col = 12
                                                }
                                            , _end = AlexSourcePos
                                                { _line = 3
                                                , _col = 15
                                                }
                                            }
                                        ) "Url"
                                    , _fldDirectives = Nothing
                                    }
                                , FieldDefinition
                                    { _fldSpan = Span
                                        { _start = AlexSourcePos
                                            { _line = 4
                                            , _col = 3
                                            }
                                        , _end = AlexSourcePos
                                            { _line = 4
                                            , _col = 23
                                            }
                                        }
                                    , _fldDescription = Nothing
                                    , _fldName = "relationship"
                                    , _fldArgumentsDefinition = Nothing
                                    , _fldType = NamedType
                                        ( Span
                                            { _start = AlexSourcePos
                                                { _line = 4
                                                , _col = 17
                                                }
                                            , _end = AlexSourcePos
                                                { _line = 4
                                                , _col = 23
                                                }
                                            }
                                        ) "Person"
                                    , _fldDirectives = Nothing
                                    }
                                ]
                            }
                        )
                    }
                )
            )
        )
    )
]