[ DefinitionExecutable
    ( ExecutableDefinitionOperation
        ( OperationDefinition
            { _odSpan = Span
                { _start = AlexSourcePos
                    { _line = 0
                    , _col = 1
                    }
                , _end = AlexSourcePos
                    { _line = 5
                    , _col = 2
                    }
                }
            , _odType = OperationTypeQuery
            , _odName = Nothing
            , _odVariables = Nothing
            , _odDirectives = Nothing
            , _odSelectionSet = SelectionField
                ( Field
                    { _fSpan = Span
                        { _start = AlexSourcePos
                            { _line = 1
                            , _col = 3
                            }
                        , _end = AlexSourcePos
                            { _line = 1
                            , _col = 7
                            }
                        }
                    , _fAlias = Nothing
                    , _fName = "name"
                    , _fArguments = Nothing
                    , _fDirectives = Nothing
                    , _fSelectionSet = Nothing
                    }
                ) :|
                [ SelectionField
                    ( Field
                        { _fSpan = Span
                            { _start = AlexSourcePos
                                { _line = 2
                                , _col = 3
                                }
                            , _end = AlexSourcePos
                                { _line = 4
                                , _col = 4
                                }
                            }
                        , _fAlias = Nothing
                        , _fName = "relationship"
                        , _fArguments = Nothing
                        , _fDirectives = Nothing
                        , _fSelectionSet = Just
                            ( SelectionField
                                ( Field
                                    { _fSpan = Span
                                        { _start = AlexSourcePos
                                            { _line = 3
                                            , _col = 5
                                            }
                                        , _end = AlexSourcePos
                                            { _line = 3
                                            , _col = 9
                                            }
                                        }
                                    , _fAlias = Nothing
                                    , _fName = "name"
                                    , _fArguments = Nothing
                                    , _fDirectives = Nothing
                                    , _fSelectionSet = Nothing
                                    }
                                ) :| []
                            )
                        }
                    )
                ]
            }
        )
    )
]