[ DefinitionExecutable
    ( ExecutableDefinitionOperation
        ( OperationDefinitionUnTyped
            ( Span
                { _start = AlexSourcePos
                    { _line = 0
                    , _col = 1
                    }
                , _end = AlexSourcePos
                    { _line = 4
                    , _col = 2
                    }
                }
            )
            ( SelectionField
                ( Field
                    { _fSpan = Span
                        { _start = AlexSourcePos
                            { _line = 1
                            , _col = 3
                            }
                        , _end = AlexSourcePos
                            { _line = 1
                            , _col = 21
                            }
                        }
                    , _fAlias = Nothing
                    , _fName = "foo"
                    , _fArguments = Nothing
                    , _fDirectives = Just
                        ( Directive
                            { _dSpan = Span
                                { _start = AlexSourcePos
                                    { _line = 1
                                    , _col = 7
                                    }
                                , _end = AlexSourcePos
                                    { _line = 1
                                    , _col = 21
                                    }
                                }
                            , _dName = "skip"
                            , _dArguments = Just
                                ( Arguments
                                    { argSpan = Span
                                        { _start = AlexSourcePos
                                            { _line = 1
                                            , _col = 13
                                            }
                                        , _end = AlexSourcePos
                                            { _line = 1
                                            , _col = 21
                                            }
                                        }
                                    , argArguments =
                                        [
                                            ( "if"
                                            , VBoolean
                                                ( Span
                                                    { _start = AlexSourcePos
                                                        { _line = 1
                                                        , _col = 17
                                                        }
                                                    , _end = AlexSourcePos
                                                        { _line = 1
                                                        , _col = 21
                                                        }
                                                    }
                                                ) True
                                            )
                                        ]
                                    }
                                )
                            } :| []
                        )
                    , _fSelectionSet = Nothing
                    }
                ) :|
                [ SelectionField
                    ( Field
                        { _fSpan = Span
                            { _start = AlexSourcePos
                                { _line = 2
                                , _col = 3
                                }
                            , _end = AlexSourcePos
                                { _line = 2
                                , _col = 6
                                }
                            }
                        , _fAlias = Nothing
                        , _fName = "bar"
                        , _fArguments = Nothing
                        , _fDirectives = Nothing
                        , _fSelectionSet = Nothing
                        }
                    )
                , SelectionField
                    ( Field
                        { _fSpan = Span
                            { _start = AlexSourcePos
                                { _line = 3
                                , _col = 3
                                }
                            , _end = AlexSourcePos
                                { _line = 3
                                , _col = 6
                                }
                            }
                        , _fAlias = Nothing
                        , _fName = "foo"
                        , _fArguments = Nothing
                        , _fDirectives = Nothing
                        , _fSelectionSet = Nothing
                        }
                    )
                ]
            )
        )
    )
]