[ DefinitionExecutable
    ( ExecutableDefinitionOperation
        ( OperationDefinition
            { _odType = OperationTypeQuery
            , _odName = Nothing
            , _odVariables = Nothing
            , _odDirectives = Nothing
            , _odSelectionSet = SelectionField
                ( Field
                    { _fAlias = Nothing
                    , _fName = "name"
                    , _fArguments = fromList []
                    , _fDirectives = Nothing
                    , _fSelectionSet = Nothing
                    }
                ) :|
                [ SelectionField
                    ( Field
                        { _fAlias = Nothing
                        , _fName = "picture"
                        , _fArguments = fromList
                            [
                                ( "size"
                                , VInt 600
                                )
                            ]
                        , _fDirectives = Nothing
                        , _fSelectionSet = Nothing
                        }
                    )
                ]
            }
        )
    )
]