[ DefinitionTypeSystem
    ( TypeSystemDefinitionType
        ( ITDef
            ( InterfaceTypeDefinition
                { _itDescription = Nothing
                , _itName = "NamedEntity"
                , _itInterfaces = Nothing
                , _itDirectives = Nothing
                , _itFields = Just
                    ( FieldDefinition
                        { _fldDescription = Nothing
                        , _fldName = "name"
                        , _fldArgumentsDefinition = []
                        , _fldType = NamedType "String"
                        , _fldDirectives = Nothing
                        } :| []
                    )
                }
            )
        )
    )
, DefinitionTypeSystem
    ( TypeSystemDefinitionType
        ( ITDef
            ( InterfaceTypeDefinition
                { _itDescription = Nothing
                , _itName = "ValuedEntity"
                , _itInterfaces = Nothing
                , _itDirectives = Nothing
                , _itFields = Just
                    ( FieldDefinition
                        { _fldDescription = Nothing
                        , _fldName = "value"
                        , _fldArgumentsDefinition = []
                        , _fldType = NamedType "Int"
                        , _fldDirectives = Nothing
                        } :| []
                    )
                }
            )
        )
    )
, DefinitionTypeSystem
    ( TypeSystemDefinitionType
        ( OTDef
            ( ObjectTypeDefinition
                { _otdDescription = Nothing
                , _otdName = "Person"
                , _otdImplementsInterfaces = Just
                    ( "NamedEntity" :| [] )
                , _otdDirectives = Nothing
                , _otdFieldsDefinition = Just
                    ( FieldDefinition
                        { _fldDescription = Nothing
                        , _fldName = "name"
                        , _fldArgumentsDefinition = []
                        , _fldType = NamedType "String"
                        , _fldDirectives = Nothing
                        } :|
                        [ FieldDefinition
                            { _fldDescription = Nothing
                            , _fldName = "age"
                            , _fldArgumentsDefinition = []
                            , _fldType = NamedType "Int"
                            , _fldDirectives = Nothing
                            }
                        ]
                    )
                }
            )
        )
    )
, DefinitionTypeSystem
    ( TypeSystemDefinitionType
        ( OTDef
            ( ObjectTypeDefinition
                { _otdDescription = Nothing
                , _otdName = "Business"
                , _otdImplementsInterfaces = Just
                    ( "NamedEntity" :| [ "ValuedEntity" ] )
                , _otdDirectives = Nothing
                , _otdFieldsDefinition = Just
                    ( FieldDefinition
                        { _fldDescription = Nothing
                        , _fldName = "name"
                        , _fldArgumentsDefinition = []
                        , _fldType = NamedType "String"
                        , _fldDirectives = Nothing
                        } :|
                        [ FieldDefinition
                            { _fldDescription = Nothing
                            , _fldName = "value"
                            , _fldArgumentsDefinition = []
                            , _fldType = NamedType "Int"
                            , _fldDirectives = Nothing
                            }
                        , FieldDefinition
                            { _fldDescription = Nothing
                            , _fldName = "employeeCount"
                            , _fldArgumentsDefinition = []
                            , _fldType = NamedType "Int"
                            , _fldDirectives = Nothing
                            }
                        ]
                    )
                }
            )
        )
    )
]