[ DefinitionTypeSystem
    ( TypeSystemDefinitionType
        ( UTDef
            ( UnionTypeDefinition
                { _utdDescription = Nothing
                , _utdName = "SearchResult"
                , _utdDirectives = Nothing
                , _utdMemberTypes =
                    [ "Photo"
                    , "Person"
                    ]
                }
            )
        )
    )
, DefinitionTypeSystem
    ( TypeSystemDefinitionType
        ( OTDef
            ( ObjectTypeDefinition
                { _otdDescription = Nothing
                , _otdName = "Person"
                , _otdImplementsInterfaces = Nothing
                , _otdDirectives = Nothing
                , _otdFieldsDefinition = Just
                    ( FieldDefinition
                        { _fldDescription = Nothing
                        , _fldName = "name"
                        , _fldArgumentsDefinition = []
                        , _fldType = NamedType "String"
                        , _fldDirectives = Nothing
                        } :|
                        [ FieldDefinition
                            { _fldDescription = Nothing
                            , _fldName = "age"
                            , _fldArgumentsDefinition = []
                            , _fldType = NamedType "Int"
                            , _fldDirectives = Nothing
                            }
                        ]
                    )
                }
            )
        )
    )
, DefinitionTypeSystem
    ( TypeSystemDefinitionType
        ( OTDef
            ( ObjectTypeDefinition
                { _otdDescription = Nothing
                , _otdName = "Photo"
                , _otdImplementsInterfaces = Nothing
                , _otdDirectives = Nothing
                , _otdFieldsDefinition = Just
                    ( FieldDefinition
                        { _fldDescription = Nothing
                        , _fldName = "height"
                        , _fldArgumentsDefinition = []
                        , _fldType = NamedType "Int"
                        , _fldDirectives = Nothing
                        } :|
                        [ FieldDefinition
                            { _fldDescription = Nothing
                            , _fldName = "width"
                            , _fldArgumentsDefinition = []
                            , _fldType = NamedType "Int"
                            , _fldDirectives = Nothing
                            }
                        ]
                    )
                }
            )
        )
    )
, DefinitionTypeSystem
    ( TypeSystemDefinitionType
        ( OTDef
            ( ObjectTypeDefinition
                { _otdDescription = Nothing
                , _otdName = "SearchQuery"
                , _otdImplementsInterfaces = Nothing
                , _otdDirectives = Nothing
                , _otdFieldsDefinition = Just
                    ( FieldDefinition
                        { _fldDescription = Nothing
                        , _fldName = "firstSearchResult"
                        , _fldArgumentsDefinition = []
                        , _fldType = NamedType "SearchResult"
                        , _fldDirectives = Nothing
                        } :| []
                    )
                }
            )
        )
    )
]