[ DefinitionExecutable
    ( ExecutableDefinitionOperation
        ( OperationDefinitionUnTyped
            ( Span
                { _start = AlexSourcePos
                    { _line = 1
                    , _col = 1
                    }
                , _end = AlexSourcePos
                    { _line = 5
                    , _col = 2
                    }
                }
            )
            ( SelectionField
                ( Field
                    { _fSpan = Span
                        { _start = AlexSourcePos
                            { _line = 2
                            , _col = 3
                            }
                        , _end = AlexSourcePos
                            { _line = 4
                            , _col = 4
                            }
                        }
                    , _fAlias = Nothing
                    , _fName = "me"
                    , _fArguments = Nothing
                    , _fDirectives = Nothing
                    , _fSelectionSet = Just
                        ( SelectionField
                            ( Field
                                { _fSpan = Span
                                    { _start = AlexSourcePos
                                        { _line = 3
                                        , _col = 5
                                        }
                                    , _end = AlexSourcePos
                                        { _line = 3
                                        , _col = 9
                                        }
                                    }
                                , _fAlias = Nothing
                                , _fName = "name"
                                , _fArguments = Nothing
                                , _fDirectives = Nothing
                                , _fSelectionSet = Nothing
                                }
                            ) :| []
                        )
                    }
                ) :| []
            )
        )
    )
, DefinitionExecutable
    ( ExecutableDefinitionOperation
        ( OperationDefinitionUnTyped
            ( Span
                { _start = AlexSourcePos
                    { _line = 9
                    , _col = 1
                    }
                , _end = AlexSourcePos
                    { _line = 13
                    , _col = 2
                    }
                }
            )
            ( SelectionField
                ( Field
                    { _fSpan = Span
                        { _start = AlexSourcePos
                            { _line = 10
                            , _col = 3
                            }
                        , _end = AlexSourcePos
                            { _line = 12
                            , _col = 4
                            }
                        }
                    , _fAlias = Nothing
                    , _fName = "user"
                    , _fArguments = Just
                        ( Arguments
                            { argSpan = Span
                                { _start = AlexSourcePos
                                    { _line = 10
                                    , _col = 8
                                    }
                                , _end = AlexSourcePos
                                    { _line = 10
                                    , _col = 13
                                    }
                                }
                            , argArguments = fromList
                                [
                                    ( "id"
                                    , VInt
                                        ( Span
                                            { _start = AlexSourcePos
                                                { _line = 10
                                                , _col = 12
                                                }
                                            , _end = AlexSourcePos
                                                { _line = 10
                                                , _col = 13
                                                }
                                            }
                                        ) 4
                                    )
                                ]
                            }
                        )
                    , _fDirectives = Nothing
                    , _fSelectionSet = Just
                        ( SelectionField
                            ( Field
                                { _fSpan = Span
                                    { _start = AlexSourcePos
                                        { _line = 11
                                        , _col = 5
                                        }
                                    , _end = AlexSourcePos
                                        { _line = 11
                                        , _col = 9
                                        }
                                    }
                                , _fAlias = Nothing
                                , _fName = "name"
                                , _fArguments = Nothing
                                , _fDirectives = Nothing
                                , _fSelectionSet = Nothing
                                }
                            ) :| []
                        )
                    }
                ) :| []
            )
        )
    )
]