[ DefinitionTypeSystem
    ( TypeSystemDefinitionType
        ( STDef
            ( ScalarTypeDefinition
                { _stDescription = Nothing
                , _stName = "UUID"
                , _stDirectives = Just
                    ( Directive
                        { dName = "specifiedBy"
                        , dArguments = Just
                            ( fromList
                                [
                                    ( "url"
                                    , VString "https://tools.ietf.org/html/rfc4122"
                                    )
                                ]
                            )
                        } :| []
                    )
                }
            )
        )
    )
]